
Discarded input sections

 .text          0x00000000        0x0 startup.o
 .data          0x00000000        0x0 startup.o
 .bss           0x00000000        0x0 startup.o
 .text          0x00000000        0x0 main.o
 .data          0x00000000        0x0 main.o
 .bss           0x00000000        0x0 main.o
 .comment       0x00000000       0x27 main.o
 .text          0x00000000        0x0 mcp2515.o
 .data          0x00000000        0x0 mcp2515.o
 .bss           0x00000000        0x0 mcp2515.o
 .comment       0x00000000       0x27 mcp2515.o
 .text          0x00000000        0x0 usart.o
 .data          0x00000000        0x0 usart.o
 .bss           0x00000000        0x0 usart.o
 .text.usart1_rx_ready
                0x00000000       0x10 usart.o
 .text.usart1_rx_byte
                0x00000000       0x18 usart.o
 .text.usart3_rx_ready
                0x00000000       0x10 usart.o
 .text.usart3_rx_byte
                0x00000000       0x14 usart.o
 .comment       0x00000000       0x27 usart.o
 .text          0x00000000        0x0 slcan.o
 .data          0x00000000        0x0 slcan.o
 .bss           0x00000000        0x0 slcan.o
 .text.parse_hex_digit
                0x00000000       0x2c slcan.o
 .comment       0x00000000       0x27 slcan.o

Memory Configuration

Name             Origin             Length             Attributes
FLASH            0x08002000         0x00006000         xr
RAM              0x20000000         0x00002800         xrw
*default*        0x00000000         0xffffffff

Linker script and memory map

LOAD startup.o
LOAD main.o
LOAD mcp2515.o
LOAD usart.o
LOAD slcan.o
                0x20002800                        _estack = (ORIGIN (RAM) + LENGTH (RAM))

.text           0x08002000     0x1d94
 *(.isr_vector)
 .isr_vector    0x08002000       0x40 startup.o
                0x08002000                _vectors
 *(.text)
 *(.text.*)
 .text.Reset_Handler
                0x08002040       0x50 startup.o
                0x08002040                Reset_Handler
 .text.print_uint32
                0x08002090       0x50 main.o
 .text.startup.main
                0x080020e0      0x584 main.o
                0x080020e0                main
 .text.gpio_spi_init
                0x08002664       0x70 mcp2515.o
 .text.mcp_read_reg
                0x080026d4       0x74 mcp2515.o
 .text.mcp_write_reg
                0x08002748       0x74 mcp2515.o
 .text.mcp2515_release_pins
                0x080027bc       0x40 mcp2515.o
                0x080027bc                mcp2515_release_pins
 .text.mcp2515_restore_pins
                0x080027fc        0x4 mcp2515.o
                0x080027fc                mcp2515_restore_pins
 .text.mcp2515_set_bitrate
                0x08002800       0x88 mcp2515.o
                0x08002800                mcp2515_set_bitrate
 .text.mcp2515_init
                0x08002888       0xc8 mcp2515.o
                0x08002888                mcp2515_init
 .text.mcp2515_enter_normal
                0x08002950      0x148 mcp2515.o
                0x08002950                mcp2515_enter_normal
 .text.mcp2515_enter_listen_only
                0x08002a98      0x110 mcp2515.o
                0x08002a98                mcp2515_enter_listen_only
 .text.mcp2515_tx
                0x08002ba8      0x238 mcp2515.o
                0x08002ba8                mcp2515_tx
 .text.mcp2515_tx_rtr
                0x08002de0      0x190 mcp2515.o
                0x08002de0                mcp2515_tx_rtr
 .text.mcp2515_rx_available
                0x08002f70       0x7c mcp2515.o
                0x08002f70                mcp2515_rx_available
 .text.mcp2515_rx
                0x08002fec      0x1dc mcp2515.o
                0x08002fec                mcp2515_rx
 .text.mcp2515_read_errors
                0x080031c8      0x100 mcp2515.o
                0x080031c8                mcp2515_read_errors
 .text.usart1_init
                0x080032c8       0x88 usart.o
                0x080032c8                usart1_init
 .text.usart1_tx_byte
                0x08003350       0x14 usart.o
                0x08003350                usart1_tx_byte
 .text.usart1_print
                0x08003364       0x20 usart.o
                0x08003364                usart1_print
 .text.usart1_getchar_nb
                0x08003384       0x1c usart.o
                0x08003384                usart1_getchar_nb
 .text.usart3_hdsel_init
                0x080033a0       0x90 usart.o
                0x080033a0                usart3_hdsel_init
 .text.usart3_deinit
                0x08003430       0x28 usart.o
                0x08003430                usart3_deinit
 .text.usart3_tx_byte
                0x08003458       0x20 usart.o
                0x08003458                usart3_tx_byte
 .text.usart3_getchar_nb
                0x08003478       0x28 usart.o
                0x08003478                usart3_getchar_nb
 .text.usart3_rx_byte_timeout
                0x080034a0       0x54 usart.o
                0x080034a0                usart3_rx_byte_timeout
 .text.nibble_to_hex
                0x080034f4       0x10 slcan.o
                0x080034f4                nibble_to_hex
 .text.parse_hex_u32
                0x08003504       0x58 slcan.o
                0x08003504                parse_hex_u32
 .text.slcan_format_rx
                0x0800355c      0x134 slcan.o
                0x0800355c                slcan_format_rx
 .text.slcan_parse_cmd
                0x08003690      0x268 slcan.o
                0x08003690                slcan_parse_cmd
 *(.rodata)
 *(.rodata.*)
 .rodata.main.str1.4
                0x080038f8      0x475 main.o
                                0x43e (size before relaxing)
 .rodata.str1.4
                0x08003d6d       0x23 main.o
 *fill*         0x08003d6d        0x3 
 .rodata.CSWTCH.39
                0x08003d70       0x14 main.o
 .rodata.bitrate_table
                0x08003d84        0xf mcp2515.o
 .rodata.slcan_parse_cmd.str1.4
                0x08003d93       0x11 slcan.o
                0x08003da4                        . = ALIGN (0x4)
 *fill*         0x08003d93        0x1 
                0x08003d94                        _etext = .

.glue_7         0x08003d94        0x0
 .glue_7        0x08003d94        0x0 linker stubs

.glue_7t        0x08003d94        0x0
 .glue_7t       0x08003d94        0x0 linker stubs

.vfp11_veneer   0x08003d94        0x0
 .vfp11_veneer  0x08003d94        0x0 linker stubs

.v4_bx          0x08003d94        0x0
 .v4_bx         0x08003d94        0x0 linker stubs

.iplt           0x08003d94        0x0
 .iplt          0x08003d94        0x0 startup.o

.rel.dyn        0x08003d94        0x0
 .rel.iplt      0x08003d94        0x0 startup.o

.data           0x20000000        0x4 load address 0x08003d94
                0x20000000                        _sdata = .
 *(.data)
 *(.data.*)
 .data.g_brate  0x20000000        0x1 main.o
                0x20000004                        . = ALIGN (0x4)
 *fill*         0x20000001        0x3 
                0x20000004                        _edata = .
                0x08003d94                        _ldata = LOADADDR (.data)

.igot.plt       0x20000004        0x0 load address 0x08003d98
 .igot.plt      0x20000004        0x0 startup.o

.bss            0x20000004       0x44 load address 0x08003d98
                0x20000004                        _sbss = .
 *(.bss)
 *(.bss.*)
 .bss.exit_buf  0x20000004        0x9 main.o
 *fill*         0x2000000d        0x3 
 .bss.cmd_len   0x20000010        0x4 main.o
 .bss.cmd_buf   0x20000014       0x28 main.o
 .bss.g_led_state
                0x2000003c        0x1 main.o
 .bss.g_can_open
                0x2000003d        0x1 main.o
 .bss.g_mode    0x2000003e        0x1 main.o
 *fill*         0x2000003f        0x1 
 .bss.g_rx_count
                0x20000040        0x4 main.o
 .bss.g_tx_count
                0x20000044        0x4 main.o
 *(COMMON)
                0x20000048                        . = ALIGN (0x4)
                0x20000048                        _ebss = .

/DISCARD/
 *(.ARM.exidx*)
 *(.ARM.extab*)
 *(.eh_frame*)
 *(.comment)
 *(.note*)
OUTPUT(blue_pill_can_tool.elf elf32-littlearm)
LOAD linker stubs

.ARM.attributes
                0x00000000       0x2f
 .ARM.attributes
                0x00000000       0x21 startup.o
 .ARM.attributes
                0x00000021       0x2d main.o
 .ARM.attributes
                0x0000004e       0x2d mcp2515.o
 .ARM.attributes
                0x0000007b       0x2d usart.o
 .ARM.attributes
                0x000000a8       0x2d slcan.o
