
Discarded input sections

 .text          0x00000000        0x0 startup.o
 .data          0x00000000        0x0 startup.o
 .bss           0x00000000        0x0 startup.o
 .text          0x00000000        0x0 main.o
 .data          0x00000000        0x0 main.o
 .bss           0x00000000        0x0 main.o
 .comment       0x00000000       0x27 main.o
 .text          0x00000000        0x0 mcp2515.o
 .data          0x00000000        0x0 mcp2515.o
 .bss           0x00000000        0x0 mcp2515.o
 .comment       0x00000000       0x27 mcp2515.o
 .text          0x00000000        0x0 usart.o
 .data          0x00000000        0x0 usart.o
 .bss           0x00000000        0x0 usart.o
 .text.usart1_rx_ready
                0x00000000       0x10 usart.o
 .text.usart1_rx_byte
                0x00000000       0x18 usart.o
 .text.usart3_rx_ready
                0x00000000       0x10 usart.o
 .text.usart3_rx_byte
                0x00000000       0x14 usart.o
 .comment       0x00000000       0x27 usart.o
 .text          0x00000000        0x0 slcan.o
 .data          0x00000000        0x0 slcan.o
 .bss           0x00000000        0x0 slcan.o
 .text.parse_hex_digit
                0x00000000       0x2c slcan.o
 .comment       0x00000000       0x27 slcan.o

Memory Configuration

Name             Origin             Length             Attributes
FLASH            0x08000000         0x00008000         xr
RAM              0x20000000         0x00002800         xrw
*default*        0x00000000         0xffffffff

Linker script and memory map

LOAD startup.o
LOAD main.o
LOAD mcp2515.o
LOAD usart.o
LOAD slcan.o
                0x20002800                        _estack = (ORIGIN (RAM) + LENGTH (RAM))

.text           0x08000000     0x21bc
 *(.isr_vector)
 .isr_vector    0x08000000       0x40 startup.o
                0x08000000                _vectors
 *(.text)
 *(.text.*)
 .text.Reset_Handler
                0x08000040       0x40 startup.o
                0x08000040                Reset_Handler
 .text.print_uint32
                0x08000080       0x50 main.o
 .text.startup.main
                0x080000d0      0x524 main.o
                0x080000d0                main
 .text.gpio_spi_init
                0x080005f4       0x6c mcp2515.o
 .text.mcp_write_reg
                0x08000660       0x74 mcp2515.o
 .text.mcp2515_release_pins
                0x080006d4       0x34 mcp2515.o
                0x080006d4                mcp2515_release_pins
 .text.mcp2515_restore_pins
                0x08000708        0x4 mcp2515.o
                0x08000708                mcp2515_restore_pins
 .text.mcp2515_set_bitrate
                0x0800070c      0x218 mcp2515.o
                0x0800070c                mcp2515_set_bitrate
 .text.mcp2515_init
                0x08000924      0x18c mcp2515.o
                0x08000924                mcp2515_init
 .text.mcp2515_enter_normal
                0x08000ab0      0x110 mcp2515.o
                0x08000ab0                mcp2515_enter_normal
 .text.mcp2515_enter_listen_only
                0x08000bc0       0x88 mcp2515.o
                0x08000bc0                mcp2515_enter_listen_only
 .text.mcp2515_tx
                0x08000c48      0x2c0 mcp2515.o
                0x08000c48                mcp2515_tx
 .text.mcp2515_tx_rtr
                0x08000f08      0x1a4 mcp2515.o
                0x08000f08                mcp2515_tx_rtr
 .text.mcp2515_rx_available
                0x080010ac       0x7c mcp2515.o
                0x080010ac                mcp2515_rx_available
 .text.mcp2515_rx
                0x08001128      0x4e0 mcp2515.o
                0x08001128                mcp2515_rx
 .text.mcp2515_read_errors
                0x08001608      0x100 mcp2515.o
                0x08001608                mcp2515_read_errors
 .text.usart1_init
                0x08001708       0x80 usart.o
                0x08001708                usart1_init
 .text.usart1_tx_byte
                0x08001788       0x14 usart.o
                0x08001788                usart1_tx_byte
 .text.usart1_print
                0x0800179c       0x20 usart.o
                0x0800179c                usart1_print
 .text.usart1_getchar_nb
                0x080017bc       0x1c usart.o
                0x080017bc                usart1_getchar_nb
 .text.usart3_hdsel_init
                0x080017d8       0x90 usart.o
                0x080017d8                usart3_hdsel_init
 .text.usart3_deinit
                0x08001868       0x28 usart.o
                0x08001868                usart3_deinit
 .text.usart3_tx_byte
                0x08001890       0x20 usart.o
                0x08001890                usart3_tx_byte
 .text.usart3_getchar_nb
                0x080018b0       0x28 usart.o
                0x080018b0                usart3_getchar_nb
 .text.usart3_rx_byte_timeout
                0x080018d8       0x54 usart.o
                0x080018d8                usart3_rx_byte_timeout
 .text.nibble_to_hex
                0x0800192c       0x10 slcan.o
                0x0800192c                nibble_to_hex
 .text.parse_hex_u32
                0x0800193c       0x58 slcan.o
                0x0800193c                parse_hex_u32
 .text.slcan_format_rx
                0x08001994      0x134 slcan.o
                0x08001994                slcan_format_rx
 .text.slcan_parse_cmd
                0x08001ac8      0x268 slcan.o
                0x08001ac8                slcan_parse_cmd
 *(.rodata)
 *(.rodata.*)
 .rodata.main.str1.4
                0x08001d30      0x465 main.o
                                0x42e (size before relaxing)
 .rodata.str1.4
                0x08002195       0x23 main.o
 *fill*         0x08002195        0x3 
 .rodata.CSWTCH.37
                0x08002198       0x14 main.o
 .rodata.bitrate_table
                0x080021ac        0xf mcp2515.o
 .rodata.slcan_parse_cmd.str1.4
                0x080021bb       0x11 slcan.o
                0x080021cc                        . = ALIGN (0x4)
 *fill*         0x080021bb        0x1 
                0x080021bc                        _etext = .

.glue_7         0x080021bc        0x0
 .glue_7        0x080021bc        0x0 linker stubs

.glue_7t        0x080021bc        0x0
 .glue_7t       0x080021bc        0x0 linker stubs

.vfp11_veneer   0x080021bc        0x0
 .vfp11_veneer  0x080021bc        0x0 linker stubs

.v4_bx          0x080021bc        0x0
 .v4_bx         0x080021bc        0x0 linker stubs

.iplt           0x080021bc        0x0
 .iplt          0x080021bc        0x0 startup.o

.rel.dyn        0x080021bc        0x0
 .rel.iplt      0x080021bc        0x0 startup.o

.data           0x20000000        0x4 load address 0x080021bc
                0x20000000                        _sdata = .
 *(.data)
 *(.data.*)
 .data.g_brate  0x20000000        0x1 main.o
                0x20000004                        . = ALIGN (0x4)
 *fill*         0x20000001        0x3 
                0x20000004                        _edata = .
                0x080021bc                        _ldata = LOADADDR (.data)

.igot.plt       0x20000004        0x0 load address 0x080021c0
 .igot.plt      0x20000004        0x0 startup.o

.bss            0x20000004       0x44 load address 0x080021c0
                0x20000004                        _sbss = .
 *(.bss)
 *(.bss.*)
 .bss.exit_buf  0x20000004        0x9 main.o
 *fill*         0x2000000d        0x3 
 .bss.cmd_len   0x20000010        0x4 main.o
 .bss.cmd_buf   0x20000014       0x28 main.o
 .bss.g_led_state
                0x2000003c        0x1 main.o
 .bss.g_can_open
                0x2000003d        0x1 main.o
 .bss.g_mode    0x2000003e        0x1 main.o
 *fill*         0x2000003f        0x1 
 .bss.g_rx_count
                0x20000040        0x4 main.o
 .bss.g_tx_count
                0x20000044        0x4 main.o
 *(COMMON)
                0x20000048                        . = ALIGN (0x4)
                0x20000048                        _ebss = .

/DISCARD/
 *(.ARM.exidx*)
 *(.ARM.extab*)
 *(.eh_frame*)
 *(.comment)
 *(.note*)
OUTPUT(blue_pill_can_tool.elf elf32-littlearm)
LOAD linker stubs

.ARM.attributes
                0x00000000       0x2f
 .ARM.attributes
                0x00000000       0x21 startup.o
 .ARM.attributes
                0x00000021       0x2d main.o
 .ARM.attributes
                0x0000004e       0x2d mcp2515.o
 .ARM.attributes
                0x0000007b       0x2d usart.o
 .ARM.attributes
                0x000000a8       0x2d slcan.o
