
Discarded input sections

 .text          0x00000000        0x0 startup_bl.o
 .data          0x00000000        0x0 startup_bl.o
 .bss           0x00000000        0x0 startup_bl.o
 .text          0x00000000        0x0 mcp2515_bl.o
 .data          0x00000000        0x0 mcp2515_bl.o
 .bss           0x00000000        0x0 mcp2515_bl.o
 .text.mcp2515_rx_available
                0x00000000       0x12 mcp2515_bl.o
 .comment       0x00000000       0x27 mcp2515_bl.o
 .text          0x00000000        0x0 usart_bl.o
 .data          0x00000000        0x0 usart_bl.o
 .bss           0x00000000        0x0 usart_bl.o
 .text.usart_init_hdsel
                0x00000000       0x48 usart_bl.o
 .text.usart_tx
                0x00000000       0x16 usart_bl.o
 .text.usart_init_autodetect
                0x00000000       0x58 usart_bl.o
 .text.usart_tx_verify
                0x00000000       0x38 usart_bl.o
 .comment       0x00000000       0x27 usart_bl.o
 .text          0x00000000        0x0 flash_bl.o
 .data          0x00000000        0x0 flash_bl.o
 .bss           0x00000000        0x0 flash_bl.o
 .text.flash_erase_page
                0x00000000       0x10 flash_bl.o
 .comment       0x00000000       0x27 flash_bl.o
 .text          0x00000000        0x0 main_bl.o
 .data          0x00000000        0x0 main_bl.o
 .bss           0x00000000        0x0 main_bl.o
 .comment       0x00000000       0x27 main_bl.o

Memory Configuration

Name             Origin             Length             Attributes
FLASH            0x08000000         0x00002000         xr
RAM              0x20000000         0x00001000         xrw
*default*        0x00000000         0xffffffff

Linker script and memory map

LOAD startup_bl.o
LOAD mcp2515_bl.o
LOAD usart_bl.o
LOAD flash_bl.o
LOAD main_bl.o
                0x20001000                        _estack = (ORIGIN (RAM) + LENGTH (RAM))

.text           0x08000000     0x16cc
 *(.isr_vector)
 .isr_vector    0x08000000       0x40 startup_bl.o
 *(.text)
 *(.text.*)
 .text.Reset_Handler
                0x08000040       0x40 startup_bl.o
                0x08000040                Reset_Handler
 .text.delay_ms
                0x08000080       0x1c mcp2515_bl.o
 .text.spi_xfer
                0x0800009c       0x24 mcp2515_bl.o
 .text.mcp_write_reg
                0x080000c0       0x2c mcp2515_bl.o
 .text.mcp_read_reg
                0x080000ec       0x28 mcp2515_bl.o
 .text.mcp2515_init
                0x08000114      0x258 mcp2515_bl.o
                0x08000114                mcp2515_init
 .text.mcp2515_tx
                0x0800036c       0xa8 mcp2515_bl.o
                0x0800036c                mcp2515_tx
 .text.mcp2515_rx
                0x08000414       0xa4 mcp2515_bl.o
                0x08000414                mcp2515_rx
 .text.usart_init
                0x080004b8       0x4c usart_bl.o
                0x080004b8                usart_init
 .text.usart_rx_ready
                0x08000504       0x10 usart_bl.o
                0x08000504                usart_rx_ready
 .text.usart_rx_byte
                0x08000514       0x18 usart_bl.o
                0x08000514                usart_rx_byte
 .text.usart_tx_byte
                0x0800052c       0x14 usart_bl.o
                0x0800052c                usart_tx_byte
 .text.usart_rx_buf
                0x08000540       0x40 usart_bl.o
                0x08000540                usart_rx_buf
 .text.usart_print
                0x08000580       0x12 usart_bl.o
                0x08000580                usart_print
 *fill*         0x08000592        0x2 
 .text.usart_print_hex32
                0x08000594       0x24 usart_bl.o
                0x08000594                usart_print_hex32
 .text.usart_print_uint32
                0x080005b8       0x44 usart_bl.o
                0x080005b8                usart_print_uint32
 .text.flash_wait
                0x080005fc       0x10 flash_bl.o
 .text.flash_erase_hw_page
                0x0800060c       0x38 flash_bl.o
 .text.flash_unlock
                0x08000644       0x1c flash_bl.o
                0x08000644                flash_unlock
 .text.flash_lock
                0x08000660       0x1c flash_bl.o
                0x08000660                flash_lock
 .text.flash_erase_page_any
                0x0800067c        0x4 flash_bl.o
                0x0800067c                flash_erase_page_any
 .text.flash_erase_region
                0x08000680       0x1e flash_bl.o
                0x08000680                flash_erase_region
 *fill*         0x0800069e        0x2 
 .text.flash_write_halfword
                0x080006a0       0x24 flash_bl.o
                0x080006a0                flash_write_halfword
 .text.flash_write_page_impl
                0x080006c4       0x58 flash_bl.o
 .text.flash_write_page
                0x0800071c        0x6 flash_bl.o
                0x0800071c                flash_write_page
 .text.flash_write_page_any
                0x08000722        0x6 flash_bl.o
                0x08000722                flash_write_page_any
 .text.delay_ms
                0x08000728       0x1c main_bl.o
 .text.bl_broadcast_status
                0x08000744       0xcc main_bl.o
 .text.enter_rom_dfu
                0x08000810       0xec main_bl.o
 .text.jump_to_app_at
                0x080008fc       0x24 main_bl.o
 .text.jump_to_slot
                0x08000920       0x1c main_bl.o
 .text.send_byte
                0x0800093c       0x2c main_bl.o
 .text.ctrl_respond.constprop.0
                0x08000968       0x38 main_bl.o
 .text.bl_config_write.constprop.0
                0x080009a0       0x5c main_bl.o
 .text.crc32_page.constprop.0
                0x080009fc       0x4c main_bl.o
 .text.uart_do_upload
                0x08000a48       0xb8 main_bl.o
 .text.startup.main
                0x08000b00      0x784 main_bl.o
                0x08000b00                main
 *(.rodata)
 *(.rodata.*)
 .rodata.hex.0  0x08001284       0x11 usart_bl.o
 .rodata.main.str1.1
                0x08001295      0x436 main_bl.o
                                0x439 (size before relaxing)
                0x080016cc                        . = ALIGN (0x4)
 *fill*         0x080016cb        0x1 
                0x080016cc                        _etext = .

.glue_7         0x080016cc        0x0
 .glue_7        0x080016cc        0x0 linker stubs

.glue_7t        0x080016cc        0x0
 .glue_7t       0x080016cc        0x0 linker stubs

.vfp11_veneer   0x080016cc        0x0
 .vfp11_veneer  0x080016cc        0x0 linker stubs

.v4_bx          0x080016cc        0x0
 .v4_bx         0x080016cc        0x0 linker stubs

.iplt           0x080016cc        0x0
 .iplt          0x080016cc        0x0 startup_bl.o

.rel.dyn        0x080016cc        0x0
 .rel.iplt      0x080016cc        0x0 startup_bl.o

.data           0x20000000        0xc load address 0x080016cc
                0x20000000                        _sdata = .
 *(.data)
 *(.data.*)
 .data.g_bl_txb0ctrl
                0x20000000        0x1 mcp2515_bl.o
                0x20000000                g_bl_txb0ctrl
 *fill*         0x20000001        0x3 
 .data.s_last_erased_page
                0x20000004        0x4 flash_bl.o
 .data.g_upload_target
                0x20000008        0x4 main_bl.o
                0x2000000c                        . = ALIGN (0x4)
                0x2000000c                        _edata = .
                0x080016cc                        _ldata = LOADADDR (.data)

.igot.plt       0x2000000c        0x0 load address 0x080016d8
 .igot.plt      0x2000000c        0x0 startup_bl.o

.bss            0x2000000c      0x428 load address 0x080016d8
                0x2000000c                        _sbss = .
 *(.bss)
 *(.bss.*)
 .bss.g_bl_tx_done
                0x2000000c        0x1 mcp2515_bl.o
 .bss.g_bl_loopback
                0x2000000d        0x1 mcp2515_bl.o
                0x2000000d                g_bl_loopback
 .bss.g_bl_canctrl
                0x2000000e        0x1 mcp2515_bl.o
                0x2000000e                g_bl_canctrl
 .bss.g_bl_canstat
                0x2000000f        0x1 mcp2515_bl.o
                0x2000000f                g_bl_canstat
 .bss.page_buf  0x20000010      0x400 main_bl.o
 .bss.g_transport
                0x20000410        0x1 main_bl.o
 .bss.g_upload_target_slot
                0x20000411        0x1 main_bl.o
 *fill*         0x20000412        0x2 
 .bss.g_config  0x20000414       0x20 main_bl.o
 *(COMMON)
                0x20000434                        . = ALIGN (0x4)
                0x20000434                        _ebss = .

/DISCARD/
 *(.ARM.exidx*)
 *(.ARM.extab*)
 *(.eh_frame*)
 *(.comment)
OUTPUT(bootloader.elf elf32-littlearm)
LOAD linker stubs

.ARM.attributes
                0x00000000       0x2f
 .ARM.attributes
                0x00000000       0x21 startup_bl.o
 .ARM.attributes
                0x00000021       0x2d mcp2515_bl.o
 .ARM.attributes
                0x0000004e       0x2d usart_bl.o
 .ARM.attributes
                0x0000007b       0x2d flash_bl.o
 .ARM.attributes
                0x000000a8       0x2d main_bl.o
