
Discarded input sections

 .text          0x00000000        0x0 startup_bl.o
 .data          0x00000000        0x0 startup_bl.o
 .bss           0x00000000        0x0 startup_bl.o
 .text          0x00000000        0x0 mcp2515_bl.o
 .data          0x00000000        0x0 mcp2515_bl.o
 .bss           0x00000000        0x0 mcp2515_bl.o
 .text.mcp2515_rx_available
                0x00000000       0x2c mcp2515_bl.o
 .comment       0x00000000       0x27 mcp2515_bl.o
 .text          0x00000000        0x0 usart_bl.o
 .data          0x00000000        0x0 usart_bl.o
 .bss           0x00000000        0x0 usart_bl.o
 .text.usart_init_hdsel
                0x00000000       0x50 usart_bl.o
 .text.usart_init_autodetect
                0x00000000       0xc4 usart_bl.o
 .text.usart_tx_verify
                0x00000000       0x68 usart_bl.o
 .text.usart_tx
                0x00000000       0x24 usart_bl.o
 .comment       0x00000000       0x27 usart_bl.o
 .text          0x00000000        0x0 flash_bl.o
 .data          0x00000000        0x0 flash_bl.o
 .bss           0x00000000        0x0 flash_bl.o
 .text.flash_erase_page
                0x00000000       0x10 flash_bl.o
 .comment       0x00000000       0x27 flash_bl.o
 .text          0x00000000        0x0 main_bl.o
 .data          0x00000000        0x0 main_bl.o
 .bss           0x00000000        0x0 main_bl.o
 .comment       0x00000000       0x27 main_bl.o

Memory Configuration

Name             Origin             Length             Attributes
FLASH            0x08000000         0x00002000         xr
RAM              0x20000000         0x00001000         xrw
*default*        0x00000000         0xffffffff

Linker script and memory map

LOAD startup_bl.o
LOAD mcp2515_bl.o
LOAD usart_bl.o
LOAD flash_bl.o
LOAD main_bl.o
                0x20001000                        _estack = (ORIGIN (RAM) + LENGTH (RAM))

.text           0x08000000     0x1754
 *(.isr_vector)
 .isr_vector    0x08000000       0x40 startup_bl.o
 *(.text)
 *(.text.*)
 .text.Reset_Handler
                0x08000040       0x40 startup_bl.o
                0x08000040                Reset_Handler
 .text.spi_xfer
                0x08000080       0x70 mcp2515_bl.o
 .text.mcp2515_init
                0x080000f0      0x138 mcp2515_bl.o
                0x080000f0                mcp2515_init
 .text.mcp2515_tx
                0x08000228       0xec mcp2515_bl.o
                0x08000228                mcp2515_tx
 .text.mcp2515_rx
                0x08000314      0x110 mcp2515_bl.o
                0x08000314                mcp2515_rx
 .text.usart_init
                0x08000424       0x50 usart_bl.o
                0x08000424                usart_init
 .text.usart_rx_ready
                0x08000474       0x10 usart_bl.o
                0x08000474                usart_rx_ready
 .text.usart_rx_byte
                0x08000484       0x18 usart_bl.o
                0x08000484                usart_rx_byte
 .text.usart_tx_byte
                0x0800049c       0x14 usart_bl.o
                0x0800049c                usart_tx_byte
 .text.usart_rx_buf
                0x080004b0       0x50 usart_bl.o
                0x080004b0                usart_rx_buf
 .text.usart_print
                0x08000500       0x20 usart_bl.o
                0x08000500                usart_print
 .text.usart_print_hex32
                0x08000520       0x34 usart_bl.o
                0x08000520                usart_print_hex32
 .text.usart_print_uint32
                0x08000554       0x68 usart_bl.o
                0x08000554                usart_print_uint32
 .text.flash_erase_hw_page
                0x080005bc       0x3c flash_bl.o
 .text.flash_write_page_impl
                0x080005f8       0x8c flash_bl.o
 .text.flash_unlock
                0x08000684       0x20 flash_bl.o
                0x08000684                flash_unlock
 .text.flash_lock
                0x080006a4       0x1c flash_bl.o
                0x080006a4                flash_lock
 .text.flash_erase_page_any
                0x080006c0        0x4 flash_bl.o
                0x080006c0                flash_erase_page_any
 .text.flash_erase_region
                0x080006c4       0x20 flash_bl.o
                0x080006c4                flash_erase_region
 .text.flash_write_halfword
                0x080006e4       0x2c flash_bl.o
                0x080006e4                flash_write_halfword
 .text.flash_write_page
                0x08000710        0x8 flash_bl.o
                0x08000710                flash_write_page
 .text.flash_write_page_any
                0x08000718        0x8 flash_bl.o
                0x08000718                flash_write_page_any
 .text.delay_ms
                0x08000720       0x20 main_bl.o
 .text.bl_broadcast_status
                0x08000740       0xf4 main_bl.o
 .text.enter_rom_dfu
                0x08000834       0xbc main_bl.o
 .text.jump_to_app_at
                0x080008f0       0x24 main_bl.o
 .text.jump_to_slot
                0x08000914       0x1c main_bl.o
 .text.send_byte
                0x08000930       0x2c main_bl.o
 .text.ctrl_respond.constprop.0
                0x0800095c       0x3c main_bl.o
 .text.bl_config_write.constprop.0
                0x08000998       0x3c main_bl.o
 .text.crc32_page.constprop.0
                0x080009d4       0x48 main_bl.o
 .text.uart_do_upload
                0x08000a1c       0xbc main_bl.o
 .text.startup.main
                0x08000ad8      0x800 main_bl.o
                0x08000ad8                main
 *(.rodata)
 *(.rodata.*)
 .rodata.hex.0  0x080012d8       0x11 usart_bl.o
 *fill*         0x080012e9        0x3 
 .rodata.main.str1.4
                0x080012ec      0x467 main_bl.o
                0x08001754                        . = ALIGN (0x4)
 *fill*         0x08001753        0x1 
                0x08001754                        _etext = .

.glue_7         0x08001754        0x0
 .glue_7        0x08001754        0x0 linker stubs

.glue_7t        0x08001754        0x0
 .glue_7t       0x08001754        0x0 linker stubs

.vfp11_veneer   0x08001754        0x0
 .vfp11_veneer  0x08001754        0x0 linker stubs

.v4_bx          0x08001754        0x0
 .v4_bx         0x08001754        0x0 linker stubs

.iplt           0x08001754        0x0
 .iplt          0x08001754        0x0 startup_bl.o

.rel.dyn        0x08001754        0x0
 .rel.iplt      0x08001754        0x0 startup_bl.o

.data           0x20000000        0x8 load address 0x08001754
                0x20000000                        _sdata = .
 *(.data)
 *(.data.*)
 .data.s_last_erased_page
                0x20000000        0x4 flash_bl.o
 .data.g_upload_target
                0x20000004        0x4 main_bl.o
                0x20000008                        . = ALIGN (0x4)
                0x20000008                        _edata = .
                0x08001754                        _ldata = LOADADDR (.data)

.igot.plt       0x20000008        0x0 load address 0x0800175c
 .igot.plt      0x20000008        0x0 startup_bl.o

.bss            0x20000008      0x424 load address 0x0800175c
                0x20000008                        _sbss = .
 *(.bss)
 *(.bss.*)
 .bss.page_buf  0x20000008      0x400 main_bl.o
 .bss.g_transport
                0x20000408        0x1 main_bl.o
 .bss.g_upload_target_slot
                0x20000409        0x1 main_bl.o
 *fill*         0x2000040a        0x2 
 .bss.g_config  0x2000040c       0x20 main_bl.o
 *(COMMON)
                0x2000042c                        . = ALIGN (0x4)
                0x2000042c                        _ebss = .

/DISCARD/
 *(.ARM.exidx*)
 *(.ARM.extab*)
 *(.eh_frame*)
 *(.comment)
OUTPUT(bootloader.elf elf32-littlearm)
LOAD linker stubs

.ARM.attributes
                0x00000000       0x2f
 .ARM.attributes
                0x00000000       0x21 startup_bl.o
 .ARM.attributes
                0x00000021       0x2d mcp2515_bl.o
 .ARM.attributes
                0x0000004e       0x2d usart_bl.o
 .ARM.attributes
                0x0000007b       0x2d flash_bl.o
 .ARM.attributes
                0x000000a8       0x2d main_bl.o
