
Discarded input sections

 .text          0x00000000        0x0 startup_bl.o
 .data          0x00000000        0x0 startup_bl.o
 .bss           0x00000000        0x0 startup_bl.o
 .text          0x00000000        0x0 bxcan_bl.o
 .data          0x00000000        0x0 bxcan_bl.o
 .bss           0x00000000        0x0 bxcan_bl.o
 .comment       0x00000000       0x27 bxcan_bl.o
 .text          0x00000000        0x0 usart_bl.o
 .data          0x00000000        0x0 usart_bl.o
 .bss           0x00000000        0x0 usart_bl.o
 .text.usart_init_hdsel
                0x00000000       0x48 usart_bl.o
 .text.usart_tx
                0x00000000       0x16 usart_bl.o
 .text.usart_init_autodetect
                0x00000000       0x58 usart_bl.o
 .text.usart_tx_verify
                0x00000000       0x38 usart_bl.o
 .comment       0x00000000       0x27 usart_bl.o
 .text          0x00000000        0x0 flash_bl.o
 .data          0x00000000        0x0 flash_bl.o
 .bss           0x00000000        0x0 flash_bl.o
 .text.flash_erase_page
                0x00000000       0x10 flash_bl.o
 .comment       0x00000000       0x27 flash_bl.o
 .text          0x00000000        0x0 main_bl.o
 .data          0x00000000        0x0 main_bl.o
 .bss           0x00000000        0x0 main_bl.o
 .comment       0x00000000       0x27 main_bl.o

Memory Configuration

Name             Origin             Length             Attributes
FLASH            0x08000000         0x00002000         xr
RAM              0x20000000         0x00001000         xrw
*default*        0x00000000         0xffffffff

Linker script and memory map

LOAD startup_bl.o
LOAD bxcan_bl.o
LOAD usart_bl.o
LOAD flash_bl.o
LOAD main_bl.o
                0x20001000                        _estack = (ORIGIN (RAM) + LENGTH (RAM))

.text           0x08000000     0x1480
 *(.isr_vector)
 .isr_vector    0x08000000       0x40 startup_bl.o
 *(.text)
 *(.text.*)
 .text.Reset_Handler
                0x08000040       0x40 startup_bl.o
                0x08000040                Reset_Handler
 .text.bxcan_init
                0x08000080       0xd4 bxcan_bl.o
                0x08000080                bxcan_init
 .text.bxcan_tx
                0x08000154       0x94 bxcan_bl.o
                0x08000154                bxcan_tx
 .text.bxcan_rx
                0x080001e8       0x84 bxcan_bl.o
                0x080001e8                bxcan_rx
 .text.usart_init
                0x0800026c       0x4c usart_bl.o
                0x0800026c                usart_init
 .text.usart_rx_ready
                0x080002b8       0x10 usart_bl.o
                0x080002b8                usart_rx_ready
 .text.usart_rx_byte
                0x080002c8       0x18 usart_bl.o
                0x080002c8                usart_rx_byte
 .text.usart_tx_byte
                0x080002e0       0x14 usart_bl.o
                0x080002e0                usart_tx_byte
 .text.usart_rx_buf
                0x080002f4       0x40 usart_bl.o
                0x080002f4                usart_rx_buf
 .text.usart_print
                0x08000334       0x12 usart_bl.o
                0x08000334                usart_print
 *fill*         0x08000346        0x2 
 .text.usart_print_hex32
                0x08000348       0x24 usart_bl.o
                0x08000348                usart_print_hex32
 .text.usart_print_uint32
                0x0800036c       0x44 usart_bl.o
                0x0800036c                usart_print_uint32
 .text.flash_wait
                0x080003b0       0x10 flash_bl.o
 .text.flash_erase_hw_page
                0x080003c0       0x38 flash_bl.o
 .text.flash_unlock
                0x080003f8       0x1c flash_bl.o
                0x080003f8                flash_unlock
 .text.flash_lock
                0x08000414       0x1c flash_bl.o
                0x08000414                flash_lock
 .text.flash_erase_page_any
                0x08000430        0x4 flash_bl.o
                0x08000430                flash_erase_page_any
 .text.flash_erase_region
                0x08000434       0x1e flash_bl.o
                0x08000434                flash_erase_region
 *fill*         0x08000452        0x2 
 .text.flash_write_halfword
                0x08000454       0x24 flash_bl.o
                0x08000454                flash_write_halfword
 .text.flash_write_page_impl
                0x08000478       0x58 flash_bl.o
 .text.flash_write_page
                0x080004d0        0x6 flash_bl.o
                0x080004d0                flash_write_page
 .text.flash_write_page_any
                0x080004d6        0x6 flash_bl.o
                0x080004d6                flash_write_page_any
 .text.delay_ms
                0x080004dc       0x1c main_bl.o
 .text.bl_broadcast_status
                0x080004f8       0xcc main_bl.o
 .text.enter_rom_dfu
                0x080005c4       0xec main_bl.o
 .text.jump_to_app_at
                0x080006b0       0x24 main_bl.o
 .text.jump_to_slot
                0x080006d4       0x1c main_bl.o
 .text.send_byte
                0x080006f0       0x2c main_bl.o
 .text.ctrl_respond.constprop.0
                0x0800071c       0x38 main_bl.o
 .text.bl_config_write.constprop.0
                0x08000754       0x5c main_bl.o
 .text.crc32_page.constprop.0
                0x080007b0       0x4c main_bl.o
 .text.uart_do_upload
                0x080007fc       0xb8 main_bl.o
 .text.startup.main
                0x080008b4      0x784 main_bl.o
                0x080008b4                main
 *(.rodata)
 *(.rodata.*)
 .rodata.hex.0  0x08001038       0x11 usart_bl.o
 .rodata.main.str1.1
                0x08001049      0x436 main_bl.o
                                0x439 (size before relaxing)
                0x08001480                        . = ALIGN (0x4)
 *fill*         0x0800147f        0x1 
                0x08001480                        _etext = .

.glue_7         0x08001480        0x0
 .glue_7        0x08001480        0x0 linker stubs

.glue_7t        0x08001480        0x0
 .glue_7t       0x08001480        0x0 linker stubs

.vfp11_veneer   0x08001480        0x0
 .vfp11_veneer  0x08001480        0x0 linker stubs

.v4_bx          0x08001480        0x0
 .v4_bx         0x08001480        0x0 linker stubs

.iplt           0x08001480        0x0
 .iplt          0x08001480        0x0 startup_bl.o

.rel.dyn        0x08001480        0x0
 .rel.iplt      0x08001480        0x0 startup_bl.o

.data           0x20000000        0x8 load address 0x08001480
                0x20000000                        _sdata = .
 *(.data)
 *(.data.*)
 .data.s_last_erased_page
                0x20000000        0x4 flash_bl.o
 .data.g_upload_target
                0x20000004        0x4 main_bl.o
                0x20000008                        . = ALIGN (0x4)
                0x20000008                        _edata = .
                0x08001480                        _ldata = LOADADDR (.data)

.igot.plt       0x20000008        0x0 load address 0x08001488
 .igot.plt      0x20000008        0x0 startup_bl.o

.bss            0x20000008      0x424 load address 0x08001488
                0x20000008                        _sbss = .
 *(.bss)
 *(.bss.*)
 .bss.page_buf  0x20000008      0x400 main_bl.o
 .bss.g_transport
                0x20000408        0x1 main_bl.o
 .bss.g_upload_target_slot
                0x20000409        0x1 main_bl.o
 *fill*         0x2000040a        0x2 
 .bss.g_config  0x2000040c       0x20 main_bl.o
 *(COMMON)
                0x2000042c                        . = ALIGN (0x4)
                0x2000042c                        _ebss = .

/DISCARD/
 *(.ARM.exidx*)
 *(.ARM.extab*)
 *(.eh_frame*)
 *(.comment)
OUTPUT(bootloader.elf elf32-littlearm)
LOAD linker stubs

.ARM.attributes
                0x00000000       0x2f
 .ARM.attributes
                0x00000000       0x21 startup_bl.o
 .ARM.attributes
                0x00000021       0x2d bxcan_bl.o
 .ARM.attributes
                0x0000004e       0x2d usart_bl.o
 .ARM.attributes
                0x0000007b       0x2d flash_bl.o
 .ARM.attributes
                0x000000a8       0x2d main_bl.o
